###############################################################################
#                                                                             #
# IAR ELF Linker V6.70.1.5641/W32 for ARM               14/Jul/2015  16:25:50 #
# Copyright 2007-2013 IAR Systems AB.                                         #
#                                                                             #
#    Output file  =  D:\K60\k605.2\UART_LOOP_²éÑ¯½ÓÊÕ¶à¸ö×Ö·û´®\Prj\IAR\FX15_ #
#                    Debug\Exe\vcan_Kinetis.out                               #
#    Map file     =  D:\K60\k605.2\UART_LOOP_²éÑ¯½ÓÊÕ¶à¸ö×Ö·û´®\Prj\IAR\FX15_ #
#                    Debug\List\vcan_Kinetis.map                              #
#    Command line =  D:\K60\k605.2\UART_LOOP_²éÑ¯½ÓÊÕ¶à¸ö×Ö·û´®\Prj\IAR\FX15_ #
#                    Debug\Obj\main.o D:\K60\k605.2\UART_LOOP_²éÑ¯½ÓÊÕ¶à¸ö×Ö· #
#                    û´®\Prj\IAR\FX15_Debug\Obj\misc.o                        #
#                    D:\K60\k605.2\UART_LOOP_²éÑ¯½ÓÊÕ¶à¸ö×Ö·û´®\Prj\IAR\FX15_ #
#                    Debug\Obj\MK60_conf.o D:\K60\k605.2\UART_LOOP_²éÑ¯½ÓÊÕ¶à #
#                    ¸ö×Ö·û´®\Prj\IAR\FX15_Debug\Obj\MK60_DWT.o               #
#                    D:\K60\k605.2\UART_LOOP_²éÑ¯½ÓÊÕ¶à¸ö×Ö·û´®\Prj\IAR\FX15_ #
#                    Debug\Obj\MK60_flash.o D:\K60\k605.2\UART_LOOP_²éÑ¯½ÓÊÕ¶ #
#                    à¸ö×Ö·û´®\Prj\IAR\FX15_Debug\Obj\MK60_gpio.o             #
#                    D:\K60\k605.2\UART_LOOP_²éÑ¯½ÓÊÕ¶à¸ö×Ö·û´®\Prj\IAR\FX15_ #
#                    Debug\Obj\MK60_it.o D:\K60\k605.2\UART_LOOP_²éÑ¯½ÓÊÕ¶à¸ö #
#                    ×Ö·û´®\Prj\IAR\FX15_Debug\Obj\MK60_lptmr.o               #
#                    D:\K60\k605.2\UART_LOOP_²éÑ¯½ÓÊÕ¶à¸ö×Ö·û´®\Prj\IAR\FX15_ #
#                    Debug\Obj\MK60_mcg.o D:\K60\k605.2\UART_LOOP_²éÑ¯½ÓÊÕ¶à¸ #
#                    ö×Ö·û´®\Prj\IAR\FX15_Debug\Obj\MK60_PIT.o                #
#                    D:\K60\k605.2\UART_LOOP_²éÑ¯½ÓÊÕ¶à¸ö×Ö·û´®\Prj\IAR\FX15_ #
#                    Debug\Obj\MK60_port.o D:\K60\k605.2\UART_LOOP_²éÑ¯½ÓÊÕ¶à #
#                    ¸ö×Ö·û´®\Prj\IAR\FX15_Debug\Obj\MK60_SysTick.o           #
#                    D:\K60\k605.2\UART_LOOP_²éÑ¯½ÓÊÕ¶à¸ö×Ö·û´®\Prj\IAR\FX15_ #
#                    Debug\Obj\MK60_uart.o D:\K60\k605.2\UART_LOOP_²éÑ¯½ÓÊÕ¶à #
#                    ¸ö×Ö·û´®\Prj\IAR\FX15_Debug\Obj\MK60_wdog.o              #
#                    D:\K60\k605.2\UART_LOOP_²éÑ¯½ÓÊÕ¶à¸ö×Ö·û´®\Prj\IAR\FX15_ #
#                    Debug\Obj\startup_MK60DZ10.o                             #
#                    D:\K60\k605.2\UART_LOOP_²éÑ¯½ÓÊÕ¶à¸ö×Ö·û´®\Prj\IAR\FX15_ #
#                    Debug\Obj\system_MK60DZ10.o                              #
#                    D:\K60\k605.2\UART_LOOP_²éÑ¯½ÓÊÕ¶à¸ö×Ö·û´®\Prj\IAR\FX15_ #
#                    Debug\Obj\VCAN_key.o D:\K60\k605.2\UART_LOOP_²éÑ¯½ÓÊÕ¶à¸ #
#                    ö×Ö·û´®\Prj\IAR\FX15_Debug\Obj\VCAN_LED.o                #
#                    D:\K60\k605.2\UART_LOOP_²éÑ¯½ÓÊÕ¶à¸ö×Ö·û´®\Prj\IAR\FX15_ #
#                    Debug\Obj\vectors.o --redirect _Printf=_PrintfLargeNoMb  #
#                    --redirect _Scanf=_ScanfLargeNoMb -o                     #
#                    D:\K60\k605.2\UART_LOOP_²éÑ¯½ÓÊÕ¶à¸ö×Ö·û´®\Prj\IAR\FX15_ #
#                    Debug\Exe\vcan_Kinetis.out --map                         #
#                    D:\K60\k605.2\UART_LOOP_²éÑ¯½ÓÊÕ¶à¸ö×Ö·û´®\Prj\IAR\FX15_ #
#                    Debug\List\vcan_Kinetis.map --config                     #
#                    "D:\K60\k605.2\UART_LOOP_²éÑ¯½ÓÊÕ¶à¸ö×Ö·û´®\Prj\IAR\conf #
#                    ig files\vcan_ROM_K60X512.icf"                           #
#                    D:\K60\k605.2\UART_LOOP_²éÑ¯½ÓÊÕ¶à¸ö×Ö·û´®\Prj\IAR\..\.. #
#                    \Lib\CMSIS\iar_cortexM4l_math.a --entry                  #
#                    __iar_program_start --redirect __write=__write_buffered  #
#                    --vfe                                                    #
#                                                                             #
#                                                                             #
###############################################################################

*******************************************************************************
*** RUNTIME MODEL ATTRIBUTES
***

CppFlavor       = *
__SystemLibrary = DLib


*******************************************************************************
*** PLACEMENT SUMMARY
***

"A1":  place at 0x00000000 { ro section .intvec };
"A2":  place at 0x00000410 { ro section .noinit };
"P1":  place in [from 0x00000000 to 0x00080000] |
                [from 0x10000000 to 0x1007ffff] { ro, block CodeRelocate };
"P2":  place in [from 0x1fff0410 to 0x20010000] {
          rw, block CodeRelocateRam, block CSTACK, block HEAP };

  Section              Kind        Address    Size  Object
  -------              ----        -------    ----  ------
"A1":                                        0x410
  .intvec              const    0x00000000   0x410  vectors.o [1]
                              - 0x00000410   0x410

"P1", part 1 of 2:                             0x0
  .rodata              const    0x00000410     0x0  zero_init3.o [5]

"A2":                                          0x8
  .noinit              ro code  0x00000410     0x8  startup_MK60DZ10.o [1]
                              - 0x00000418     0x8

"P1", part 2 of 2:                          0x30ec
  .text                ro code  0x00000418   0xbf2  xprintflarge_nomb.o [3]
  .text                ro code  0x0000100a    0x22  zero_init3.o [5]
  .text                ro code  0x0000102c    0x16  strchr.o [5]
  .text                ro code  0x00001044    0x36  strlen.o [5]
  .text                ro code  0x0000107c    0x58  memchr.o [5]
  .text                ro code  0x000010d4    0xee  I64DivMod.o [5]
  .text                ro code  0x000011c4    0x76  ABImemcpy_unaligned.o [5]
  .text                ro code  0x0000123a    0x42  xdnorm.o [4]
  .text                ro code  0x0000127c    0x2e  DblCmpLe.o [4]
  .text                ro code  0x000012ac   0x1a2  DblMul.o [4]
  .text                ro code  0x00001450   0x246  DblDiv.o [4]
  .text                ro code  0x00001698    0x2c  DblToI32.o [4]
  .text                ro code  0x000016c4    0x1c  I32ToDbl.o [4]
  .text                ro code  0x000016e0   0x180  DblSub.o [4]
  .text                ro code  0x00001860    0x6c  localeconv.o [3]
  .text                ro code  0x000018cc     0xe  div.o [3]
  .text                ro code  0x000018dc     0x2  I64DivZer.o [5]
  .text                ro code  0x000018e0    0xd4  DblAdd.o [4]
  .text                ro code  0x000019b4     0x2  xtls.o [3]
  .data_init                    0x000019b8   0x7f0  <Block>
    Initializer bytes  ro data  0x000019b8   0x7f0  <for .data-1>
  Veneer               ro code  0x000021a8     0x8  - Linker created -
  .text                ro code  0x000021b0   0x3b8  MK60_mcg.o [1]
  .text                ro code  0x00002568   0x2f0  MK60_uart.o [1]
  .text                ro code  0x00002858    0xb0  MK60_port.o [1]
  Veneer               ro code  0x00002908     0x8  - Linker created -
  Veneer               ro code  0x00002910     0x8  - Linker created -
  .text                ro code  0x00002918   0x180  MK60_conf.o [1]
  .text                ro code  0x00002a98    0x70  VCAN_LED.o [1]
  .text                ro code  0x00002b08    0x24  printf.o [3]
  .text                ro code  0x00002b2c    0xc0  MK60_PIT.o [1]
  .text                ro code  0x00002bec    0xa8  VCAN_key.o [1]
  .text                ro code  0x00002c94   0x128  MK60_gpio.o [1]
  CodeRelocate                  0x00002dbc   0x200  <Block>
    Initializer bytes  ro data  0x00002dbc   0x200  <for CodeRelocateRam-1>
  .text                ro code  0x00002fbc   0x130  system_MK60DZ10.o [1]
  .text                ro code  0x000030ec    0x40  MK60_wdog.o [1]
  .text                ro code  0x0000312c    0x48  main.o [1]
  .text                ro code  0x00003174    0x2c  misc.o [1]
  .rodata              const    0x000031a0    0x44  MK60_flash.o [1]
  .rodata              const    0x000031e4    0x40  MK60_gpio.o [1]
  .rodata              const    0x00003224    0x40  MK60_PIT.o [1]
  .rodata              const    0x00003264    0x40  MK60_uart.o [1]
  .rodata              const    0x000032a4    0x3c  misc.o [1]
  .rodata              const    0x000032e0    0x3c  MK60_conf.o [1]
  .text                ro code  0x0000331c    0x28  data_init.o [5]
  .rodata              const    0x00003344    0x24  MK60_conf.o [1]
  .iar.init_table      const    0x00003368    0x10  - Linker created -
  .rodata              const    0x00003378    0x20  MK60_conf.o [1]
  .rodata              const    0x00003398    0x1c  main.o [1]
  .rodata              const    0x000033b4    0x1c  main.o [1]
  .text                ro code  0x000033d0    0x1a  fpinit_M.o [4]
  .text                ro code  0x000033ec    0x1a  cmain.o [5]
  .text                ro code  0x00003406     0x4  low_level_init.o [3]
  .text                ro code  0x0000340a     0x4  exit.o [3]
  .text                ro code  0x00003410     0xa  cexit.o [5]
  .text                ro code  0x0000341c     0xc  XXexit.o [5]
  .text                ro code  0x00003428    0x16  xprout.o [3]
  .text                ro code  0x00003440     0xc  putchar.o [3]
  .rodata              const    0x0000344c    0x14  MK60_conf.o [1]
  .rodata              const    0x00003460    0x10  main.o [1]
  .text                ro code  0x00003470     0xc  cstartup_M.o [5]
  Initializer bytes    ro data  0x0000347c    0x88  <for P2 s0>
                              - 0x00003504  0x30ec

"P2", part 1 of 3:                           0x9f0
  .data                         0x1fff0410   0x7f0  <Block>
    .data-1                     0x1fff0410   0x7f0  <Init block>
      .data            inited   0x1fff0410   0x708  MK60_conf.o [1]
      .data            inited   0x1fff0b18    0x14  MK60_gpio.o [1]
      .data            inited   0x1fff0b2c    0x58  MK60_mcg.o [1]
      .data            inited   0x1fff0b84     0x4  MK60_mcg.o [1]
      .data            inited   0x1fff0b88    0x14  MK60_port.o [1]
      .data            inited   0x1fff0b9c    0x18  MK60_uart.o [1]
      .data            inited   0x1fff0bb4     0x8  VCAN_key.o [1]
      .data            inited   0x1fff0bbc     0x4  VCAN_LED.o [1]
      .data            inited   0x1fff0bc0    0x40  xfiles.o [3]
  CodeRelocateRam               0x1fff0c00   0x200  <Block>
    CodeRelocateRam-1           0x1fff0c00   0x200  <Init block>
      Veneer           inited   0x1fff0c00     0x8  - Linker created -
      Veneer           inited   0x1fff0c08     0x8  - Linker created -
      .textrw          inited   0x1fff0c10   0x1a0  MK60_flash.o [1]
      .textrw          inited   0x1fff0db0    0x50  MK60_mcg.o [1]
                              - 0x1fff0e00   0x9f0

"P2", part 2 of 3:                            0x5c
  .bss                          0x1fff0e00    0x5c  <Block>
    .bss               zero     0x1fff0e00     0x4  system_MK60DZ10.o [1]
    .bss               zero     0x1fff0e04     0x4  system_MK60DZ10.o [1]
    .bss               zero     0x1fff0e08     0x4  system_MK60DZ10.o [1]
    .bss               zero     0x1fff0e0c    0x50  xfiles.o [3]
                              - 0x1fff0e5c    0x5c

"P2", part 3 of 3:                            0x88
  P2 s0                         0x1fff0e5c    0x88  <Init block>
    __DLIB_PERTHREAD   inited   0x1fff0e5c    0x88  localeconv.o [3]
                              - 0x1fff0ee4    0x88


*******************************************************************************
*** INIT TABLE
***

          Address     Size
          -------     ----
Zero (__iar_zero_init3)
    1 destination range, total size 0x5c:
          0x1fff0e00  0x5c



*******************************************************************************
*** MODULE SUMMARY
***

    Module                 ro code  rw code  ro data  rw data
    ------                 -------  -------  -------  -------
D:\K60\k605.2\UART_LOOP_²éÑ¯½ÓÊÕ¶à¸ö×Ö·û´®\Prj\IAR\FX15_Debug\Obj: [1]
    MK60_PIT.o                 192                64
    MK60_conf.o                384             1 948    1 800
    MK60_flash.o                        416      484
    MK60_gpio.o                296                84       20
    MK60_mcg.o                 952       80      172       92
    MK60_port.o                176                20       20
    MK60_uart.o                752                88       24
    MK60_wdog.o                 64
    VCAN_LED.o                 112                 4        4
    VCAN_key.o                 168                 8        8
    main.o                      72                72
    misc.o                      44                60
    startup_MK60DZ10.o           8
    system_MK60DZ10.o          304                         12
    vectors.o                                  1 040
    ---------------------------------------------------------
    Total:                   3 524      496    4 044    1 980

command line: [2]
    ---------------------------------------------------------
    Total:

dl7M_tlf.a: [3]
    div.o                       14
    exit.o                       4
    localeconv.o               108               136      136
    low_level_init.o             4
    printf.o                    36
    putchar.o                   12
    xfiles.o                                      64      144
    xprintflarge_nomb.o      3 058
    xprout.o                    22
    xtls.o                       2
    ---------------------------------------------------------
    Total:                   3 260               200      280

m7M_tlv.a: [4]
    DblAdd.o                   212
    DblCmpLe.o                  46
    DblDiv.o                   582
    DblMul.o                   418
    DblSub.o                   384
    DblToI32.o                  44
    I32ToDbl.o                  28
    fpinit_M.o                  26
    xdnorm.o                    66
    ---------------------------------------------------------
    Total:                   1 806

rt7M_tl.a: [5]
    ABImemcpy_unaligned.o      118
    I64DivMod.o                238
    I64DivZer.o                  2
    XXexit.o                    12
    cexit.o                     10
    cmain.o                     26
    cstartup_M.o                12
    data_init.o                 40
    memchr.o                    88
    strchr.o                    22
    strlen.o                    54
    zero_init3.o                34
    ---------------------------------------------------------
    Total:                     656

    Gaps                        24
    Linker created              24       16       32
-------------------------------------------------------------
    Grand Total:             9 294      512    4 276    2 260


*******************************************************************************
*** ENTRY LIST
***

Entry                      Address   Size  Type      Object
-----                      -------   ----  ----      ------
.bss$$Base              0x1fff0e00          --   Gb  - Linker created -
.bss$$Limit             0x1fff0e5c          --   Gb  - Linker created -
.data$$Base             0x1fff0410          --   Gb  - Linker created -
.data$$Limit            0x1fff0c00          --   Gb  - Linker created -
.data_init$$Base        0x000019b8          --   Gb  - Linker created -
.data_init$$Limit       0x000021a8          --   Gb  - Linker created -
?main                   0x000033ed         Code  Gb  cmain.o [5]
ASSERT_FAILED_STR       0x00003344   0x24  Data  Gb  MK60_conf.o [1]
CodeRelocate$$Base      0x00002dbc          --   Gb  - Linker created -
CodeRelocate$$Limit     0x00002fbc          --   Gb  - Linker created -
CodeRelocateRam$$Base   0x1fff0c00          --   Gb  - Linker created -
CodeRelocateRam$$Limit  0x1fff0e00          --   Gb  - Linker created -
GPIOX                   0x1fff0b18   0x14  Data  Gb  MK60_gpio.o [1]
KEY_PTxn                0x1fff0bb4    0x8  Data  Gb  VCAN_key.o [1]
LED_PTxn                0x1fff0bbc    0x4  Data  Gb  VCAN_LED.o [1]
NVIC_SystemReset        0x00002919   0x1a  Code  Lc  MK60_conf.o [1]
PORTX                   0x1fff0b88   0x14  Data  Gb  MK60_port.o [1]
Region$$Table$$Base     0x00003368          --   Gb  - Linker created -
Region$$Table$$Limit    0x00003378          --   Gb  - Linker created -
Reset_Handler           0x00000411         Code  Gb  startup_MK60DZ10.o [1]
UARTN                   0x1fff0b9c   0x18  Data  Gb  MK60_uart.o [1]
_GenldLargeNoMb         0x00000d8d  0x234  Code  Lc  xprintflarge_nomb.o [3]
_LdtobLargeNoMb         0x00000b09  0x27e  Code  Lc  xprintflarge_nomb.o [3]
_LitobLargeNoMb         0x000009f5  0x10c  Code  Lc  xprintflarge_nomb.o [3]
_Locale_aeabi_lconv     0x1fff0eac   0x38  Data  Gb  localeconv.o [3]
_Locale_lconv           0x1fff0e5c   0x50  Data  Gb  localeconv.o [3]
_PrintfLargeNoMb        0x00000419  0x5d6  Code  Gb  xprintflarge_nomb.o [3]
_Prout                  0x00003429   0x16  Code  Gb  xprout.o [3]
_PutcharsLargeNoMb      0x00000fc1   0x2e  Code  Lc  xprintflarge_nomb.o [3]
__BOOT_STACK_ADDRESS {Abs}
                        0x2000fff8          --   Gb  command line/config [2]
__VECTOR_RAM {Abs}      0x1fff0000          --   Gb  command line/config [2]
__VECTOR_TABLE {Abs}    0x00000000          --   Gb  command line/config [2]
__aeabi_cdcmple         0x0000127d         Code  Gb  DblCmpLe.o [4]
__aeabi_d2uiz           0x00001699         Code  Gb  DblToI32.o [4]
__aeabi_ddiv            0x00001451         Code  Gb  DblDiv.o [4]
__aeabi_dmul            0x000012ad         Code  Gb  DblMul.o [4]
__aeabi_dsub            0x000016e1         Code  Gb  DblSub.o [4]
__aeabi_ldiv0           0x000018dd         Code  Gb  I64DivZer.o [5]
__aeabi_ui2d            0x000016c5         Code  Gb  I32ToDbl.o [4]
__aeabi_uldivmod        0x000010d5         Code  Gb  I64DivMod.o [5]
__cmain                 0x000033ed         Code  Gb  cmain.o [5]
__code_start__ {Abs}    0x00000410          --   Gb  command line/config [2]
__exit                  0x0000341d         Code  Gb  XXexit.o [5]
__iar_Dnorm             0x0000123b   0x42  Code  Gb  xdnorm.o [4]
__iar_Locale_lconv_init
                        0x00001861   0x3a  Code  Gb  localeconv.o [3]
__iar_Memchr            0x0000107d         Code  Gb  memchr.o [5]
__iar_Stdout            0x1fff0bc0   0x40  Data  Gb  xfiles.o [3]
__iar_Strchr            0x0000102d         Code  Gb  strchr.o [5]
__iar_d2uiz             0x000016a5         Code  Gb  DblToI32.o [4]
__iar_dadd              0x000018e1         Code  Gb  DblAdd.o [4]
__iar_data_init3        0x0000331d   0x28  Code  Gb  data_init.o [5]
__iar_dlib_perthread_access
                        0x000019b5    0x2  Code  Gb  xtls.o [3]
__iar_dsub              0x000016f5         Code  Gb  DblSub.o [4]
__iar_dsubStart         0x00001707         Code  Gb  DblSub.o [4]
__iar_init_vfp          0x000033d1         Code  Gb  fpinit_M.o [4]
__iar_program_start     0x00003471         Code  Gb  cstartup_M.o [5]
__iar_ui2d              0x000016c9         Code  Gb  I32ToDbl.o [4]
__iar_unaligned___aeabi_memcpy
                        0x000011c5         Code  Gb  ABImemcpy_unaligned.o [5]
__iar_unaligned___aeabi_memcpy4
                        0x000011e5         Code  Gb  ABImemcpy_unaligned.o [5]
__iar_unaligned___aeabi_memcpy8
                        0x000011e5         Code  Gb  ABImemcpy_unaligned.o [5]
__iar_zero_init3        0x0000100b   0x22  Code  Gb  zero_init3.o [5]
__low_level_init        0x00003407    0x4  Code  Gb  low_level_init.o [3]
__vector_table          0x00000000  0x410  Data  Gb  vectors.o [1]
_call_main              0x000033f9         Code  Gb  cmain.o [5]
_exit                   0x00003411         Code  Gb  cexit.o [5]
_main                   0x00003403         Code  Gb  cmain.o [5]
assert_failed           0x00002933   0x30  Code  Gb  MK60_conf.o [1]
bus_clk_khz             0x1fff0e08    0x4  Data  Gb  system_MK60DZ10.o [1]
common_startup          0x0000301b   0x98  Code  Gb  system_MK60DZ10.o [1]
core_clk_khz            0x1fff0e00    0x4  Data  Gb  system_MK60DZ10.o [1]
core_clk_mhz            0x1fff0e04    0x4  Data  Gb  system_MK60DZ10.o [1]
default_isr             0x00002a39   0x3a  Code  Gb  MK60_conf.o [1]
div                     0x000018cd    0xe  Code  Gb  div.o [3]
exit                    0x0000340b    0x4  Code  Gb  exit.o [3]
flash_cmd               0x1fff0c11   0x20  Code  Gb  MK60_flash.o [1]
flash_erase_sector      0x1fff0c5f   0x5c  Code  Gb  MK60_flash.o [1]
flash_init              0x1fff0c31   0x2e  Code  Gb  MK60_flash.o [1]
flash_write             0x1fff0cbb   0xb4  Code  Gb  MK60_flash.o [1]
fputc                   0x00002963   0x14  Code  Gb  MK60_conf.o [1]
gpio_get                0x00002d7b   0x3a  Code  Gb  MK60_gpio.o [1]
gpio_init               0x00002c95   0xae  Code  Gb  MK60_gpio.o [1]
gpio_turn               0x00002d43   0x38  Code  Gb  MK60_gpio.o [1]
key_check               0x00002c59   0x34  Code  Gb  VCAN_key.o [1]
key_get                 0x00002c3f   0x1a  Code  Gb  VCAN_key.o [1]
key_init                0x00002bed   0x52  Code  Gb  VCAN_key.o [1]
led_init                0x00002a99   0x3a  Code  Gb  VCAN_LED.o [1]
led_turn                0x00002ad3   0x32  Code  Gb  VCAN_LED.o [1]
localeconv              0x0000189b   0x16  Code  Gb  localeconv.o [3]
main                    0x0000312d   0x48  Code  Gb  main.o [1]
mcg_cfg                 0x1fff0b2c   0x58  Data  Gb  MK60_mcg.o [1]
mcg_div                 0x1fff0b84    0x4  Data  Gb  MK60_mcg.o [1]
mcg_div_count           0x000021b1  0x2ea  Code  Gb  MK60_mcg.o [1]
memchr                  0x0000107d         Code  Gb  memchr.o [5]
obuf                    0x1fff0e0c   0x50  Data  Lc  xfiles.o [3]
pit_delay               0x00002b2d   0xb0  Code  Gb  MK60_PIT.o [1]
pll_init                0x0000249b   0xb2  Code  Gb  MK60_mcg.o [1]
port_init               0x00002859   0x44  Code  Gb  MK60_port.o [1]
port_init_NoALT         0x0000289d   0x62  Code  Gb  MK60_port.o [1]
printf                  0x00002b09   0x24  Code  Gb  printf.o [3]
putchar                 0x00003441    0xc  Code  Gb  putchar.o [3]
set_sys_dividers        0x1fff0db1   0x50  Code  Gb  MK60_mcg.o [1]
start                   0x00002fbd   0x22  Code  Gb  system_MK60DZ10.o [1]
start_check             0x00002977   0xc2  Code  Gb  MK60_conf.o [1]
strchr                  0x0000102d         Code  Gb  strchr.o [5]
strlen                  0x00001045         Code  Gb  strlen.o [5]
sysinit                 0x00002fdf   0x3c  Code  Gb  system_MK60DZ10.o [1]
uart_init               0x00002569  0x218  Code  Gb  MK60_uart.o [1]
uart_putchar            0x00002807   0x1a  Code  Gb  MK60_uart.o [1]
uart_putstr             0x00002821   0x20  Code  Gb  MK60_uart.o [1]
uart_querychar          0x00002781   0x2a  Code  Gb  MK60_uart.o [1]
uart_querystr           0x000027ab   0x5c  Code  Gb  MK60_uart.o [1]
vector_str              0x1fff0410  0x708  Data  Gb  MK60_conf.o [1]
wdog_disable            0x000030ed   0x16  Code  Gb  MK60_wdog.o [1]
wdog_unlock             0x00003103   0x20  Code  Lc  MK60_wdog.o [1]
write_vtor              0x00003175   0x22  Code  Gb  misc.o [1]


[1] = D:\K60\k605.2\UART_LOOP_²éÑ¯½ÓÊÕ¶à¸ö×Ö·û´®\Prj\IAR\FX15_Debug\Obj
[2] = command line
[3] = dl7M_tlf.a
[4] = m7M_tlv.a
[5] = rt7M_tl.a

  9 294 bytes of readonly  code memory
    512 bytes of readwrite code memory
  4 276 bytes of readonly  data memory
  2 260 bytes of readwrite data memory

Errors: none
Warnings: none
